# serializer version: 1
# name: test_handle_scan_error[single file exception]
  '''
  Error: Scanning failed. Results may be incomplete.
  Error: Add the following files to your ignored_paths:
  Error: - /home/user/too/long/file/name: filename:: [ErrorDetail(string='Ensure this field has no more than 256 characters.', code='max_length')]
  
  '''
# ---
# name: test_handle_scan_error[too many documents]
  '''
  Error: Scanning failed. Results may be incomplete.
  Error: The following chunk is affected:
  - /example
  - /example
  - /example
  - /example
  - /example
  - /example
  - /example
  - /example
  - /example
  - /example
  - /example
  - /example
  - /example
  - /example
  - /example
  - /example
  - /example
  - /example
  - /example
  - /example
  - /example
  Error: 400:Too many documents to scan
  
  '''
# ---
